Initializing...
Loading settings...
Checking RPC connectivity...
Compiling workflow...
✓ Workflow compiled
✓ Simulation limits enabled
  HTTP: req=120kb resp=250kb timeout=10s | ConfHTTP: req=125kb resp=500kb timeout=1m30s | Consensus obs=25kb | ChainWrite evm_report=50kb evm_gas=10000000 solana_report=265b solana_cu=300000 | WASM binary=100mb compressed=20mb
  Binary hash: 6d80cdb3ffeb4d21248630b4048ce8849345452f7100c551eb490cc3abaca97c
  Config hash: 3b823bdafa19db6b7f636b1271c76c650abaefe44dd76a88497ecaa1d97b6222
2026-09-12T14:28:58Z [SIMULATION] Simulator Initialized

2026-09-12T14:28:58Z [SIMULATION] Running trigger trigger=cron-trigger@1.0.0
╭────────────────────────────────────────────────────────────────────────────────────────────────────╮
│ Trigger requested TEE Execution your trigger will run in one of the following Tees:                │
│     - AWS Nitro in us-west-2                                                                       │
│ The simulator is not a real TEE, and is meant to debug.                                            │
│ Do not use it for sensitive information.                                                           │
│ During real execution, user logs for this trigger will not be visible, and will not leave the TEE. │
│ They are presented in the simulator for debugging only.                                            │
│                                                                                                    │
╰────────────────────────────────────────────────────────────────────────────────────────────────────╯

2026-09-12T14:29:01Z [USER LOG] Market snapshot: ETH/USDC midpoint=2542.3; volatility30m=20 bps; maker WETH=0.004633626892465666; USDC=36.006718; finalized block=11689415
2026-09-12T14:29:24Z [USER LOG] {"kind":"cre-delivery-receipt","profile":"cre-simulation","chainId":"11155111","strategyHash":"0x85c6ecaab6b1f6e61877f61760eed5dcc843962b083aa0da7bb2f60012811646","nonce":"1789223341","reportDigest":"0x5d43271a27ddcb7e783f588263baf5052519f3b28f920de78bf9bdc9c6df3305","transactionHash":"0x955947583290fae2d20addf564def4b61e1c75f550e0d9d165ad944b6f4a763a"}

✓ Workflow Simulation Result:
"allowedDirections=0 nonce=1789223341 validAfter=1789223341 validUntil=1789223641 txHash=0x955947583290fae2d20addf564def4b61e1c75f550e0d9d165ad944b6f4a763a"

2026-09-12T14:29:25Z [SIMULATION] Execution finished signal received
2026-09-12T14:29:25Z [SIMULATION] Skipping WorkflowEngineV2

╭──────────────────────────────────────────────────────╮
│ Simulation complete! Ready to deploy your workflow?  │
│                                                      │
│ Run cre account access to request deployment access. │
╰──────────────────────────────────────────────────────╯
