Initializing...
Loading settings...
Checking RPC connectivity...
Compiling workflow...
✓ Workflow compiled
✓ Simulation limits enabled
  HTTP: req=120kb resp=250kb timeout=10s | ConfHTTP: req=125kb resp=500kb timeout=1m30s | Consensus obs=25kb | ChainWrite evm_report=50kb evm_gas=10000000 solana_report=265b solana_cu=300000 | WASM binary=100mb compressed=20mb
  Binary hash: 6d80cdb3ffeb4d21248630b4048ce8849345452f7100c551eb490cc3abaca97c
  Config hash: 3b823bdafa19db6b7f636b1271c76c650abaefe44dd76a88497ecaa1d97b6222
2026-09-12T14:43:11Z [SIMULATION] Simulator Initialized

2026-09-12T14:43:11Z [SIMULATION] Running trigger trigger=cron-trigger@1.0.0
╭────────────────────────────────────────────────────────────────────────────────────────────────────╮
│ Trigger requested TEE Execution your trigger will run in one of the following Tees:                │
│     - AWS Nitro in us-west-2                                                                       │
│ The simulator is not a real TEE, and is meant to debug.                                            │
│ Do not use it for sensitive information.                                                           │
│ During real execution, user logs for this trigger will not be visible, and will not leave the TEE. │
│ They are presented in the simulator for debugging only.                                            │
│                                                                                                    │
╰────────────────────────────────────────────────────────────────────────────────────────────────────╯

2026-09-12T14:43:14Z [USER LOG] Market snapshot: ETH/USDC midpoint=2541.125; volatility30m=14 bps; maker WETH=0.004633626892465666; USDC=36.006718; finalized block=11689478
2026-09-12T14:43:36Z [USER LOG] {"kind":"cre-delivery-receipt","profile":"cre-simulation","chainId":"11155111","strategyHash":"0x85c6ecaab6b1f6e61877f61760eed5dcc843962b083aa0da7bb2f60012811646","nonce":"1789224194","reportDigest":"0x6fa12ef4b1c15feea17780ec77158eb363bfdeb3f14184bfbecd7a7fbb662bb0","transactionHash":"0x82c51809f0bfe15065d6095e4788997f94876f09c5af90dff2951b4e9c08ed4e"}

✓ Workflow Simulation Result:
"allowedDirections=0 nonce=1789224194 validAfter=1789224194 validUntil=1789224494 txHash=0x82c51809f0bfe15065d6095e4788997f94876f09c5af90dff2951b4e9c08ed4e"

2026-09-12T14:43:37Z [SIMULATION] Execution finished signal received
2026-09-12T14:43:37Z [SIMULATION] Skipping WorkflowEngineV2

╭──────────────────────────────────────────────────────╮
│ Simulation complete! Ready to deploy your workflow?  │
│                                                      │
│ Run cre account access to request deployment access. │
╰──────────────────────────────────────────────────────╯
